2026-03-25 22:33:41,665 4516 WARNING ? odoo.tools.config: missing --http-interface/http_interface, using 0.0.0.0 by default, will change to 127.0.0.1 in 20.0 
2026-03-25 22:33:41,667 4516 INFO ? odoo: Odoo version 19.0 
2026-03-25 22:33:41,667 4516 INFO ? odoo: Using configuration file at c:\temp\git\odoo\odoo\odoo.conf 
2026-03-25 22:33:41,667 4516 INFO ? odoo: addons paths: _NamespacePath(['C:\\Temp\\Git\\Odoo\\odoo\\odoo\\addons', 'C:\\Users\\xadmin\\AppData\\Local\\OpenERP S.A.\\Odoo\\addons\\19.0', 'c:\\temp\\git\\odoo\\odoo\\odoo\\addons', 'c:\\temp\\git\\odoo\\odoo\\addons', 'c:\\temp\\git\\odoo\\odoo\\custom_addons']) 
2026-03-25 22:33:41,667 4516 INFO ? odoo: database: odoo@localhost:5435 
2026-03-25 22:33:43,080 4516 INFO ? odoo.service.server: HTTP service (werkzeug) running on DESKTOP-FFOCM9G:8069 
2026-03-25 22:33:43,129 4516 INFO my_dev_db odoo.modules.loading: loading 1 modules... 
2026-03-25 22:33:43,133 4516 INFO my_dev_db odoo.modules.loading: 1 modules loaded in 0.00s, 0 queries (+0 extra) 
2026-03-25 22:33:43,190 4516 WARNING my_dev_db odoo.modules.module: Missing `license` key in manifest for 'nordic_payroll', defaulting to LGPL-3 
2026-03-25 22:33:43,231 4516 INFO my_dev_db odoo.modules.loading: loading 141 modules... 
2026-03-25 22:33:43,254 4516 WARNING my_dev_db odoo.addons.attachment_indexation.models.ir_attachment: Attachment indexation of PDF documents is unavailable because the 'pdfminer.six' Python library cannot be found on the system. You may install it from https://pypi.org/project/pdfminer.six/ (e.g. `pip3 install pdfminer.six`) 
2026-03-25 22:33:44,859 4516 INFO my_dev_db odoo.modules.loading: 141 modules loaded in 1.63s, 0 queries (+0 extra) 
2026-03-25 22:33:45,174 4516 INFO my_dev_db odoo.modules.loading: Modules loaded. 
2026-03-25 22:33:45,240 4516 INFO my_dev_db odoo.registry: Registry loaded in 2.159s 
2026-03-25 22:39:51,500 4516 INFO my_dev_db odoo.registry: Reloading the model registry after database signaling. 
2026-03-25 22:39:51,543 4516 INFO my_dev_db odoo.modules.loading: loading 1 modules... 
2026-03-25 22:39:51,547 4516 INFO my_dev_db odoo.modules.loading: 1 modules loaded in 0.00s, 0 queries (+0 extra) 
2026-03-25 22:39:51,551 4516 INFO my_dev_db odoo.modules.loading: loading 141 modules... 
2026-03-25 22:39:51,608 4516 INFO my_dev_db odoo.modules.loading: 141 modules loaded in 0.06s, 0 queries (+0 extra) 
2026-03-25 22:39:51,892 4516 INFO my_dev_db odoo.modules.loading: Modules loaded. 
2026-03-25 22:39:51,918 4516 INFO my_dev_db odoo.registry: Registry loaded in 0.418s 
2026-03-25 22:39:51,920 4516 INFO my_dev_db odoo.addons.base.models.ir_cron: Job 'Base: Auto-vacuum internal data' (1) starting 
2026-03-25 22:39:52,478 4516 INFO my_dev_db odoo.addons.base.models.ir_attachment: filestore gc 9 checked, 2 removed 
2026-03-25 22:39:52,602 4516 INFO my_dev_db odoo.addons.api_doc.models.ir_attachment: GC'd 0 /doc cached index 
2026-03-25 22:39:52,956 4516 INFO my_dev_db odoo.addons.base.models.res_device: GC device logs delete 1 entries 
2026-03-25 22:39:53,006 4516 INFO my_dev_db odoo.addons.base.models.res_users: GC 'auth_totp.device' delete 0 entries 
2026-03-25 22:39:53,099 4516 INFO my_dev_db odoo.addons.sms.models.sms_sms: GC'd 0 sms marked for deletion 
2026-03-25 22:39:53,301 4516 INFO my_dev_db odoo.addons.base.models.res_device: GC device logs delete 0 entries 
2026-03-25 22:39:53,562 4516 INFO my_dev_db odoo.addons.base.models.res_users: GC'd 1 user log entries 
2026-03-25 22:39:53,587 4516 INFO my_dev_db odoo.addons.base.models.res_users: GC 'res.users.apikeys' delete 0 entries 
2026-03-25 22:39:53,662 4516 INFO my_dev_db odoo.addons.base.models.ir_cron: Job 'Base: Auto-vacuum internal data' (1) fully done (#loop 1; done 170; remaining 0; duration 1.74s) 
2026-03-25 22:41:55,723 4516 INFO my_dev_db odoo.registry: Invalidating caches after database signaling: ['default', 'stable', 'templates.cached_values'] 
2026-03-25 22:41:55,726 4516 INFO my_dev_db odoo.addons.base.models.ir_cron: Job 'Product: send email regarding products availability' (29) starting 
2026-03-25 22:41:55,764 4516 INFO my_dev_db odoo.addons.base.models.ir_cron: Job 'Product: send email regarding products availability' (29) fully done (#loop 1; done 0; remaining 0; duration 0.04s) 
2026-03-25 23:25:30,558 4516 INFO ? odoo.registry: Reloading the model registry after database signaling. 
2026-03-25 23:25:30,593 4516 INFO ? odoo.modules.loading: loading 1 modules... 
2026-03-25 23:25:30,597 4516 INFO ? odoo.modules.loading: 1 modules loaded in 0.00s, 0 queries (+0 extra) 
2026-03-25 23:25:30,600 4516 INFO ? odoo.modules.loading: loading 141 modules... 
2026-03-25 23:25:30,659 4516 INFO ? odoo.modules.loading: 141 modules loaded in 0.06s, 0 queries (+0 extra) 
2026-03-25 23:25:31,079 4516 INFO ? odoo.modules.loading: Modules loaded. 
2026-03-25 23:25:31,103 4516 INFO ? odoo.registry: Registry loaded in 0.544s 
2026-03-25 23:25:31,105 4516 INFO my_dev_db odoo.addons.base.models.ir_http: Generating routing map for key 1 
2026-03-25 23:25:31,172 4516 INFO my_dev_db werkzeug: 127.0.0.1 - - [25/Mar/2026 23:25:31] "GET /websocket?version=19.0-2 HTTP/1.1" 101 - 6 0.060 0.193
2026-03-25 23:25:31,173 4516 INFO my_dev_db werkzeug: 127.0.0.1 - - [25/Mar/2026 23:25:31] "GET /websocket?version=19.0-2 HTTP/1.1" 101 - 26 0.043 0.580
2026-03-25 23:25:31,186 4516 INFO my_dev_db werkzeug: 127.0.0.1 - - [25/Mar/2026 23:25:31] "POST /bus/has_missed_notifications HTTP/1.1" 200 - 2 0.003 0.006
2026-03-25 23:25:31,197 4516 INFO my_dev_db werkzeug: 127.0.0.1 - - [25/Mar/2026 23:25:31] "GET /websocket?version=19.0-2 HTTP/1.1" 101 - 4 0.004 0.006
2026-03-25 23:25:31,567 4516 INFO ? odoo.addons.bus.models.bus: Bus.loop listen imbus on db postgres 
2026-03-25 23:25:31,614 4516 INFO my_dev_db werkzeug: 127.0.0.1 - - [25/Mar/2026 23:25:31] "POST /bus/has_missed_notifications HTTP/1.1" 200 - 3 0.011 0.109
2026-03-25 23:25:31,645 4516 INFO my_dev_db werkzeug: 127.0.0.1 - - [25/Mar/2026 23:25:31] "POST /bus/has_missed_notifications HTTP/1.1" 200 - 2 0.005 0.120
2026-03-25 23:27:45,282 4516 WARNING my_dev_db odoo.service.server: Thread <Thread(odoo.service.http.request.29544, started 29544)> virtual real time limit (133/120s) reached. 
2026-03-25 23:27:45,283 4516 WARNING my_dev_db odoo.service.server: Thread <Thread(odoo.service.http.request.19804, started 19804)> virtual real time limit (133/120s) reached. 
2026-03-25 23:27:45,283 4516 INFO my_dev_db odoo.service.server: Dumping stacktrace of limit exceeding threads before reloading 
2026-03-25 23:27:45,286 4516 INFO my_dev_db odoo.tools.misc: 
# Thread: <Thread(odoo.service.http.request.19804, started 19804)> (db:n/a) (uid:n/a) (url:n/a) (qc:n/a qt:n/a pt:n/a)
File: "C:\Users\xadmin\AppData\Local\Programs\Python\Python313\Lib\threading.py", line 1012, in _bootstrap
  self._bootstrap_inner()
File: "C:\Users\xadmin\AppData\Local\Programs\Python\Python313\Lib\threading.py", line 1041, in _bootstrap_inner
  self.run()
File: "C:\Users\xadmin\AppData\Local\Programs\Python\Python313\Lib\threading.py", line 992, in run
  self._target(*self._args, **self._kwargs)
File: "C:\Users\xadmin\AppData\Local\Programs\Python\Python313\Lib\socketserver.py", line 692, in process_request_thread
  self.finish_request(request, client_address)
File: "C:\Users\xadmin\AppData\Local\Programs\Python\Python313\Lib\socketserver.py", line 362, in finish_request
  self.RequestHandlerClass(request, client_address, self)
File: "C:\Temp\Git\Odoo\odoo\odoo\service\server.py", line 143, in __init__
  super().__init__(*args, **kwargs)
File: "C:\Users\xadmin\AppData\Local\Programs\Python\Python313\Lib\socketserver.py", line 761, in __init__
  self.handle()
File: "C:\Temp\Git\Odoo\odoo\venv\Lib\site-packages\werkzeug\serving.py", line 390, in handle
  super().handle()
File: "C:\Users\xadmin\AppData\Local\Programs\Python\Python313\Lib\http\server.py", line 436, in handle
  self.handle_one_request()
File: "C:\Users\xadmin\AppData\Local\Programs\Python\Python313\Lib\http\server.py", line 404, in handle_one_request
  self.raw_requestline = self.rfile.readline(65537)
File: "C:\Users\xadmin\AppData\Local\Programs\Python\Python313\Lib\socket.py", line 719, in readinto
  return self._sock.recv_into(b)

# Thread: <Thread(odoo.service.http.request.29544, started 29544)> (db:n/a) (uid:n/a) (url:n/a) (qc:n/a qt:n/a pt:n/a)
File: "C:\Users\xadmin\AppData\Local\Programs\Python\Python313\Lib\threading.py", line 1012, in _bootstrap
  self._bootstrap_inner()
File: "C:\Users\xadmin\AppData\Local\Programs\Python\Python313\Lib\threading.py", line 1041, in _bootstrap_inner
  self.run()
File: "C:\Users\xadmin\AppData\Local\Programs\Python\Python313\Lib\threading.py", line 992, in run
  self._target(*self._args, **self._kwargs)
File: "C:\Users\xadmin\AppData\Local\Programs\Python\Python313\Lib\socketserver.py", line 692, in process_request_thread
  self.finish_request(request, client_address)
File: "C:\Users\xadmin\AppData\Local\Programs\Python\Python313\Lib\socketserver.py", line 362, in finish_request
  self.RequestHandlerClass(request, client_address, self)
File: "C:\Temp\Git\Odoo\odoo\odoo\service\server.py", line 143, in __init__
  super().__init__(*args, **kwargs)
File: "C:\Users\xadmin\AppData\Local\Programs\Python\Python313\Lib\socketserver.py", line 761, in __init__
  self.handle()
File: "C:\Temp\Git\Odoo\odoo\venv\Lib\site-packages\werkzeug\serving.py", line 390, in handle
  super().handle()
File: "C:\Users\xadmin\AppData\Local\Programs\Python\Python313\Lib\http\server.py", line 436, in handle
  self.handle_one_request()
File: "C:\Users\xadmin\AppData\Local\Programs\Python\Python313\Lib\http\server.py", line 404, in handle_one_request
  self.raw_requestline = self.rfile.readline(65537)
File: "C:\Users\xadmin\AppData\Local\Programs\Python\Python313\Lib\socket.py", line 719, in readinto
  return self._sock.recv_into(b) 
